#
# There is insufficient memory for the Java Runtime Environment to continue.
# Native memory allocation (malloc) failed to allocate 371200 bytes. Error detail: Chunk::new
# Possible reasons:
#   The system is out of physical RAM or swap space
#   This process is running with CompressedOops enabled, and the Java Heap may be blocking the growth of the native heap
# Possible solutions:
#   Reduce memory load on the system
#   Increase physical memory or swap space
#   Check if swap backing store is full
#   Decrease Java heap size (-Xmx/-Xms)
#   Decrease number of Java threads
#   Decrease Java thread stack sizes (-Xss)
#   Set larger code cache with -XX:ReservedCodeCacheSize=
#   JVM is running with Unscaled Compressed Oops mode in which the Java heap is
#     placed in the first 4GB address space. The Java Heap base address is the
#     maximum limit for the native heap growth. Please use -XX:HeapBaseMinAddress
#     to set the Java Heap base and to place the Java Heap above 4GB virtual address.
# This output file may be truncated or incomplete.
#
#  Out of Memory Error (arena.cpp:168), pid=9204, tid=13220
#
# JRE version: OpenJDK Runtime Environment Temurin-21.0.10+7 (21.0.10+7) (build 21.0.10+7-LTS)
# Java VM: OpenJDK 64-Bit Server VM Temurin-21.0.10+7 (21.0.10+7-LTS, mixed mode, sharing, tiered, compressed oops, compressed class ptrs, parallel gc, windows-amd64)
# No core dump will be written. Minidumps are not enabled by default on client versions of Windows
#

---------------  S U M M A R Y ------------

Command Line: --add-modules=ALL-SYSTEM --add-opens=java.base/java.util=ALL-UNNAMED --add-opens=java.base/java.lang=ALL-UNNAMED --add-opens=java.base/sun.nio.fs=ALL-UNNAMED -Declipse.application=org.eclipse.jdt.ls.core.id1 -Dosgi.bundles.defaultStartLevel=4 -Declipse.product=org.eclipse.jdt.ls.core.product -Djava.import.generatesMetadataFilesAtProjectRoot=false -DDetectVMInstallationsJob.disabled=true -Dfile.encoding=utf8 -XX:+UseParallelGC -XX:GCTimeRatio=4 -XX:AdaptiveSizePolicyWeight=90 -Dsun.zip.disableMemoryMapping=true -Xmx2G -Xms100m -Xlog:disable -javaagent:c:\Users\Admin\.vscode\extensions\redhat.java-1.54.0-win32-x64\lombok\lombok-1.18.39-4050.jar -XX:+HeapDumpOnOutOfMemoryError -XX:HeapDumpPath=c:\Users\Admin\AppData\Roaming\Code\User\workspaceStorage\cdd949b7bbd438a79fd585c9e173251c\redhat.java -Daether.dependencyCollector.impl=bf c:\Users\Admin\.vscode\extensions\redhat.java-1.54.0-win32-x64\server\plugins\org.eclipse.equinox.launcher_1.7.100.v20251111-0406.jar -configuration c:\Users\Admin\AppData\Roaming\Code\User\globalStorage\redhat.java\1.54.0\config_win -data c:\Users\Admin\AppData\Roaming\Code\User\workspaceStorage\cdd949b7bbd438a79fd585c9e173251c\redhat.java\jdt_ws --pipe=\\.\pipe\lsp-100212672cc7314694689fd0d675733f-sock

Host: Intel(R) Core(TM) i3-6100U CPU @ 2.30GHz, 4 cores, 7G,  Windows 10 , 64 bit Build 19041 (10.0.19041.5915)
Time: Sat Jun 13 21:12:51 2026 Russie TZ 2 elapsed time: 0.999197 seconds (0d 0h 0m 0s)

---------------  T H R E A D  ---------------

Current thread (0x00000247e64f2210):  JavaThread "C2 CompilerThread0" daemon [_thread_in_native, id=13220, stack(0x000000eb70500000,0x000000eb70600000) (1024K)]


Current CompileTask:
C2:999  544       4       lombok.launch.PackageShader::apply (252 bytes)

Stack: [0x000000eb70500000,0x000000eb70600000]
Native frames: (J=compiled Java code, j=interpreted, Vv=VM code, C=native code)
V  [jvm.dll+0x6d7a39]
V  [jvm.dll+0x8b4b26]
V  [jvm.dll+0x8b70de]
V  [jvm.dll+0x8b77c3]
V  [jvm.dll+0x284346]
V  [jvm.dll+0xc66ed]
V  [jvm.dll+0xc6c31]
V  [jvm.dll+0x3bec3b]
V  [jvm.dll+0x1e3f69]
V  [jvm.dll+0x24c6b3]
V  [jvm.dll+0x24bb40]
V  [jvm.dll+0x1cb34e]
V  [jvm.dll+0x25b85d]
V  [jvm.dll+0x259dea]
V  [jvm.dll+0x3f857e]
V  [jvm.dll+0x85f59d]
V  [jvm.dll+0x6d626d]
C  [ucrtbase.dll+0x21bb2]
C  [KERNEL32.DLL+0x17374]
C  [ntdll.dll+0x4cc91]


---------------  P R O C E S S  ---------------

Threads class SMR info:
_java_thread_list=0x00000247fde3b930, length=11, elements={
0x00000247e66003b0, 0x00000247e64e85d0, 0x00000247e64e9a70, 0x00000247e64ed1a0,
0x00000247e64ede00, 0x00000247e64f0970, 0x00000247e64f13d0, 0x00000247e64f2210,
0x00000247e65667a0, 0x00000247fdcd7700, 0x00000247fde20b60
}

Java Threads: ( => current thread )
  0x00000247e66003b0 JavaThread "main"                              [_thread_in_vm, id=13128, stack(0x000000eb6fb00000,0x000000eb6fc00000) (1024K)]
  0x00000247e64e85d0 JavaThread "Reference Handler"          daemon [_thread_blocked, id=10556, stack(0x000000eb6ff00000,0x000000eb70000000) (1024K)]
  0x00000247e64e9a70 JavaThread "Finalizer"                  daemon [_thread_blocked, id=1932, stack(0x000000eb70000000,0x000000eb70100000) (1024K)]
  0x00000247e64ed1a0 JavaThread "Signal Dispatcher"          daemon [_thread_blocked, id=3064, stack(0x000000eb70100000,0x000000eb70200000) (1024K)]
  0x00000247e64ede00 JavaThread "Attach Listener"            daemon [_thread_blocked, id=5136, stack(0x000000eb70200000,0x000000eb70300000) (1024K)]
  0x00000247e64f0970 JavaThread "Service Thread"             daemon [_thread_blocked, id=2876, stack(0x000000eb70300000,0x000000eb70400000) (1024K)]
  0x00000247e64f13d0 JavaThread "Monitor Deflation Thread"   daemon [_thread_blocked, id=14212, stack(0x000000eb70400000,0x000000eb70500000) (1024K)]
=>0x00000247e64f2210 JavaThread "C2 CompilerThread0"         daemon [_thread_in_native, id=13220, stack(0x000000eb70500000,0x000000eb70600000) (1024K)]
  0x00000247e65667a0 JavaThread "C1 CompilerThread0"         daemon [_thread_blocked, id=2656, stack(0x000000eb70600000,0x000000eb70700000) (1024K)]
  0x00000247fdcd7700 JavaThread "Common-Cleaner"             daemon [_thread_blocked, id=10684, stack(0x000000eb70700000,0x000000eb70800000) (1024K)]
  0x00000247fde20b60 JavaThread "Notification Thread"        daemon [_thread_blocked, id=12168, stack(0x000000eb70800000,0x000000eb70900000) (1024K)]
Total: 11

Other Threads:
  0x00000247e64ccc80 VMThread "VM Thread"                           [id=6364, stack(0x000000eb6fe00000,0x000000eb6ff00000) (1024K)]
  0x00000247e66c41d0 WatcherThread "VM Periodic Task Thread"        [id=14864, stack(0x000000eb6fd00000,0x000000eb6fe00000) (1024K)]
  0x00000247e661cbf0 WorkerThread "GC Thread#0"                     [id=12724, stack(0x000000eb6fc00000,0x000000eb6fd00000) (1024K)]
Total: 3

Threads with active compile tasks:
C2 CompilerThread0  1026  544       4       lombok.launch.PackageShader::apply (252 bytes)
Total: 1

VM state: not at safepoint (normal execution)

VM Mutex/Monitor currently owned by a thread: None

Heap address: 0x0000000080000000, size: 2048 MB, Compressed Oops mode: 32-bit

CDS archive(s) mapped at: [0x0000024780000000-0x0000024780ba0000-0x0000024780ba0000), size 12189696, SharedBaseAddress: 0x0000024780000000, ArchiveRelocationMode: 1.
Compressed class space mapped at: 0x0000024781000000-0x00000247c1000000, reserved size: 1073741824
Narrow klass base: 0x0000024780000000, Narrow klass shift: 0, Narrow klass range: 0x100000000

GC Precious Log:
 CardTable entry size: 512
 CPUs: 4 total, 4 available
 Memory: 7840M
 Large Page Support: Disabled
 NUMA Support: Disabled
 Compressed Oops: Enabled (32-bit)
 Alignments: Space 512K, Generation 512K, Heap 2M
 Heap Min Capacity: 100M
 Heap Initial Capacity: 100M
 Heap Max Capacity: 2G
 Pre-touch: Disabled
 Parallel Workers: 4

Heap:
 PSYoungGen      total 29696K, used 11284K [0x00000000d5580000, 0x00000000d7680000, 0x0000000100000000)
  eden space 25600K, 44% used [0x00000000d5580000,0x00000000d60853d8,0x00000000d6e80000)
  from space 4096K, 0% used [0x00000000d7280000,0x00000000d7280000,0x00000000d7680000)
  to   space 4096K, 0% used [0x00000000d6e80000,0x00000000d6e80000,0x00000000d7280000)
 ParOldGen       total 68608K, used 0K [0x0000000080000000, 0x0000000084300000, 0x00000000d5580000)
  object space 68608K, 0% used [0x0000000080000000,0x0000000080000000,0x0000000084300000)
 Metaspace       used 1853K, committed 2048K, reserved 1114112K
  class space    used 179K, committed 256K, reserved 1048576K

Card table byte_map: [0x00000247e5fb0000,0x00000247e63c0000] _byte_map_base: 0x00000247e5bb0000

Marking Bits: (ParMarkBitMap*) 0x00007ff9596f3450
 Begin Bits: [0x00000247f8ac0000, 0x00000247faac0000)
 End Bits:   [0x00000247faac0000, 0x00000247fcac0000)

Polling page: 0x00000247e4340000

Metaspace:

Usage:
  Non-class:      1.64 MB used.
      Class:    179.22 KB used.
       Both:      1.81 MB used.

Virtual space:
  Non-class space:       64.00 MB reserved,       1.75 MB (  3%) committed,  1 nodes.
      Class space:        1.00 GB reserved,     320.00 KB ( <1%) committed,  1 nodes.
             Both:        1.06 GB reserved,       2.06 MB ( <1%) committed. 

Chunk freelists:
   Non-Class:  11.65 MB
       Class:  15.67 MB
        Both:  27.32 MB

MaxMetaspaceSize: unlimited
CompressedClassSpaceSize: 1.00 GB
Initial GC threshold: 21.00 MB
Current GC threshold: 21.00 MB
CDS: on
 - commit_granule_bytes: 65536.
 - commit_granule_words: 8192.
 - virtual_space_node_default_size: 8388608.
 - enlarge_chunks_in_place: 1.
 - use_allocation_guard: 0.


Internal statistics:

num_allocs_failed_limit: 0.
num_arena_births: 78.
num_arena_deaths: 0.
num_vsnodes_births: 2.
num_vsnodes_deaths: 0.
num_space_committed: 33.
num_space_uncommitted: 0.
num_chunks_returned_to_freelist: 0.
num_chunks_taken_from_freelist: 100.
num_chunk_merges: 0.
num_chunk_splits: 70.
num_chunks_enlarged: 45.
num_inconsistent_stats: 0.

CodeHeap 'non-profiled nmethods': size=120000Kb used=194Kb max_used=194Kb free=119805Kb
 bounds [0x00000247f12e0000, 0x00000247f1550000, 0x00000247f8810000]
CodeHeap 'profiled nmethods': size=120000Kb used=923Kb max_used=923Kb free=119076Kb
 bounds [0x00000247e9810000, 0x00000247e9a80000, 0x00000247f0d40000]
CodeHeap 'non-nmethods': size=5760Kb used=1158Kb max_used=1166Kb free=4601Kb
 bounds [0x00000247f0d40000, 0x00000247f0fb0000, 0x00000247f12e0000]
CodeCache: size=245760Kb, used=2275Kb, max_used=2283Kb, free=243482Kb
 total_blobs=1013, nmethods=603, adapters=317, full_count=0
Compilation: enabled, stopped_count=0, restarted_count=0

Compilation events (20 events):
Event: 0.988 Thread 0x00000247e65667a0 nmethod 591 0x00000247e98ecd10 code [0x00000247e98ecec0, 0x00000247e98ed100]
Event: 0.988 Thread 0x00000247e65667a0  593       3       java.lang.Integer::parseInt (264 bytes)
Event: 0.991 Thread 0x00000247e65667a0 nmethod 593 0x00000247e98ed210 code [0x00000247e98ed680, 0x00000247e98ef2d8]
Event: 0.991 Thread 0x00000247e65667a0  592       3       java.lang.Integer::parseInt (7 bytes)
Event: 0.991 Thread 0x00000247e65667a0 nmethod 592 0x00000247e98eff10 code [0x00000247e98f00c0, 0x00000247e98f01e0]
Event: 0.991 Thread 0x00000247e65667a0  594       3       sun.security.util.ObjectIdentifier::pack7Oid (42 bytes)
Event: 0.991 Thread 0x00000247e65667a0 nmethod 594 0x00000247e98f0290 code [0x00000247e98f0440, 0x00000247e98f0628]
Event: 0.991 Thread 0x00000247e65667a0  596       1       sun.instrument.TransformerManager$TransformerInfo::transformer (5 bytes)
Event: 0.991 Thread 0x00000247e65667a0 nmethod 596 0x00000247f130ed90 code [0x00000247f130ef20, 0x00000247f130efe8]
Event: 0.991 Thread 0x00000247e65667a0  595       1       sun.instrument.TransformerManager::getSnapshotTransformerList (5 bytes)
Event: 0.991 Thread 0x00000247e65667a0 nmethod 595 0x00000247f130f090 code [0x00000247f130f220, 0x00000247f130f2e8]
Event: 0.993 Thread 0x00000247e65667a0  598       3       jdk.internal.org.objectweb.asm.Type::getArgumentsAndReturnSizes (140 bytes)
Event: 0.995 Thread 0x00000247e65667a0 nmethod 598 0x00000247e98f0710 code [0x00000247e98f0ae0, 0x00000247e98f2640]
Event: 0.995 Thread 0x00000247e65667a0  599       3       java.lang.Number::<init> (5 bytes)
Event: 0.995 Thread 0x00000247e65667a0 nmethod 599 0x00000247e98f3110 code [0x00000247e98f32c0, 0x00000247e98f3428]
Event: 0.996 Thread 0x00000247e65667a0  600       3       java.lang.Byte::<init> (10 bytes)
Event: 0.996 Thread 0x00000247e65667a0 nmethod 600 0x00000247e98f3510 code [0x00000247e98f36c0, 0x00000247e98f3888]
Event: 0.997 Thread 0x00000247e65667a0  601       3       java.util.concurrent.ConcurrentHashMap$Node::<init> (14 bytes)
Event: 0.997 Thread 0x00000247e65667a0 nmethod 601 0x00000247e98f3990 code [0x00000247e98f3b40, 0x00000247e98f3d58]
Event: 0.997 Thread 0x00000247e65667a0  603       3       sun.security.util.ObjectIdentifier::checkOidSize (86 bytes)

GC Heap History (0 events):
No events

Dll operation events (8 events):
Event: 0.014 Loaded shared library c:\Users\Admin\.vscode\extensions\redhat.java-1.54.0-win32-x64\jre\21.0.10-win32-x86_64\bin\java.dll
Event: 0.230 Loaded shared library c:\Users\Admin\.vscode\extensions\redhat.java-1.54.0-win32-x64\jre\21.0.10-win32-x86_64\bin\zip.dll
Event: 0.325 Loaded shared library C:\Users\Admin\.vscode\extensions\redhat.java-1.54.0-win32-x64\jre\21.0.10-win32-x86_64\bin\instrument.dll
Event: 0.347 Loaded shared library C:\Users\Admin\.vscode\extensions\redhat.java-1.54.0-win32-x64\jre\21.0.10-win32-x86_64\bin\net.dll
Event: 0.362 Loaded shared library C:\Users\Admin\.vscode\extensions\redhat.java-1.54.0-win32-x64\jre\21.0.10-win32-x86_64\bin\nio.dll
Event: 0.371 Loaded shared library C:\Users\Admin\.vscode\extensions\redhat.java-1.54.0-win32-x64\jre\21.0.10-win32-x86_64\bin\zip.dll
Event: 0.420 Loaded shared library C:\Users\Admin\.vscode\extensions\redhat.java-1.54.0-win32-x64\jre\21.0.10-win32-x86_64\bin\jimage.dll
Event: 0.621 Loaded shared library c:\Users\Admin\.vscode\extensions\redhat.java-1.54.0-win32-x64\jre\21.0.10-win32-x86_64\bin\verify.dll

Deoptimization events (20 events):
Event: 0.923 Thread 0x00000247e66003b0 DEOPT PACKING pc=0x00000247e9849218 sp=0x000000eb6fbfb6d0
Event: 0.923 Thread 0x00000247e66003b0 DEOPT UNPACKING pc=0x00000247f0d94242 sp=0x000000eb6fbfab90 mode 0
Event: 0.926 Thread 0x00000247e66003b0 DEOPT PACKING pc=0x00000247e9849218 sp=0x000000eb6fbfc8b0
Event: 0.926 Thread 0x00000247e66003b0 DEOPT UNPACKING pc=0x00000247f0d94242 sp=0x000000eb6fbfbd70 mode 0
Event: 0.934 Thread 0x00000247e66003b0 DEOPT PACKING pc=0x00000247e9849218 sp=0x000000eb6fbfb0c0
Event: 0.934 Thread 0x00000247e66003b0 DEOPT UNPACKING pc=0x00000247f0d94242 sp=0x000000eb6fbfa580 mode 0
Event: 0.937 Thread 0x00000247e66003b0 DEOPT PACKING pc=0x00000247e9849218 sp=0x000000eb6fbfb100
Event: 0.937 Thread 0x00000247e66003b0 DEOPT UNPACKING pc=0x00000247f0d94242 sp=0x000000eb6fbfa5c0 mode 0
Event: 0.981 Thread 0x00000247e66003b0 DEOPT PACKING pc=0x00000247e984913f sp=0x000000eb6fbfcb40
Event: 0.981 Thread 0x00000247e66003b0 DEOPT UNPACKING pc=0x00000247f0d94242 sp=0x000000eb6fbfbff0 mode 0
Event: 0.984 Thread 0x00000247e66003b0 DEOPT PACKING pc=0x00000247e9849218 sp=0x000000eb6fbfc880
Event: 0.984 Thread 0x00000247e66003b0 DEOPT UNPACKING pc=0x00000247f0d94242 sp=0x000000eb6fbfbd40 mode 0
Event: 0.989 Thread 0x00000247e66003b0 DEOPT PACKING pc=0x00000247e9849218 sp=0x000000eb6fbfc800
Event: 0.989 Thread 0x00000247e66003b0 DEOPT UNPACKING pc=0x00000247f0d94242 sp=0x000000eb6fbfbcc0 mode 0
Event: 0.991 Thread 0x00000247e66003b0 DEOPT PACKING pc=0x00000247e984913f sp=0x000000eb6fbfbac0
Event: 0.991 Thread 0x00000247e66003b0 DEOPT UNPACKING pc=0x00000247f0d94242 sp=0x000000eb6fbfaf70 mode 0
Event: 0.994 Thread 0x00000247e66003b0 DEOPT PACKING pc=0x00000247e9849218 sp=0x000000eb6fbfc790
Event: 0.994 Thread 0x00000247e66003b0 DEOPT UNPACKING pc=0x00000247f0d94242 sp=0x000000eb6fbfbc50 mode 0
Event: 0.996 Thread 0x00000247e66003b0 DEOPT PACKING pc=0x00000247e9849218 sp=0x000000eb6fbfc5a0
Event: 0.996 Thread 0x00000247e66003b0 DEOPT UNPACKING pc=0x00000247f0d94242 sp=0x000000eb6fbfba60 mode 0

Classes loaded (20 events):
Event: 0.994 Loading class java/security/cert/X509Extension done
Event: 0.994 Loading class java/security/cert/X509Certificate done
Event: 0.994 Loading class sun/security/util/Cache$EqualByteArray
Event: 0.994 Loading class sun/security/util/Cache$EqualByteArray done
Event: 0.994 Loading class sun/security/x509/X509CertImpl
Event: 0.995 Loading class sun/security/x509/X509CertImpl done
Event: 0.995 Loading class sun/security/x509/X509CertInfo
Event: 0.995 Loading class sun/security/x509/X509CertInfo done
Event: 0.996 Loading class sun/security/x509/CertificateVersion
Event: 0.996 Loading class sun/security/x509/CertificateVersion done
Event: 0.996 Loading class sun/security/x509/CertificateSerialNumber
Event: 0.996 Loading class sun/security/x509/CertificateSerialNumber done
Event: 0.996 Loading class sun/security/x509/SerialNumber
Event: 0.996 Loading class sun/security/x509/SerialNumber done
Event: 0.996 Loading class sun/security/x509/CertificateAlgorithmId
Event: 0.996 Loading class sun/security/x509/CertificateAlgorithmId done
Event: 0.996 Loading class sun/security/x509/X500Name
Event: 0.997 Loading class sun/security/x509/GeneralNameInterface
Event: 0.997 Loading class sun/security/x509/GeneralNameInterface done
Event: 0.997 Loading class sun/security/x509/X500Name done

Classes unloaded (0 events):
No events

Classes redefined (0 events):
No events

Internal exceptions (11 events):
Event: 0.223 Thread 0x00000247e66003b0 Exception <a 'java/lang/NoSuchMethodError'{0x00000000d57a8fe8}: 'void java.lang.invoke.DirectMethodHandle$Holder.invokeStatic(java.lang.Object, java.lang.Object, java.lang.Object)'> (0x00000000d57a8fe8) 
thrown [s\src\hotspot\share\interpreter\linkResolver.cpp, line 773]
Event: 0.411 Thread 0x00000247e66003b0 Exception <a 'java/lang/NoSuchMethodError'{0x00000000d5911688}: 'java.lang.Object java.lang.invoke.Invokers$Holder.invokeExact_MT(java.lang.Object, java.lang.Object, java.lang.Object, java.lang.Object, java.lang.Object)'> (0x00000000d5911688) 
thrown [s\src\hotspot\share\interpreter\linkResolver.cpp, line 773]
Event: 0.522 Thread 0x00000247e66003b0 Exception <a 'java/lang/NoSuchMethodError'{0x00000000d59ca2e8}: 'int java.lang.invoke.DirectMethodHandle$Holder.invokeSpecial(java.lang.Object, java.lang.Object, java.lang.Object, int)'> (0x00000000d59ca2e8) 
thrown [s\src\hotspot\share\interpreter\linkResolver.cpp, line 773]
Event: 0.526 Thread 0x00000247e66003b0 Exception <a 'java/lang/NoSuchMethodError'{0x00000000d59dccd0}: 'java.lang.Object java.lang.invoke.DirectMethodHandle$Holder.invokeStatic(java.lang.Object, java.lang.Object, java.lang.Object, java.lang.Object, int)'> (0x00000000d59dccd0) 
thrown [s\src\hotspot\share\interpreter\linkResolver.cpp, line 773]
Event: 0.529 Thread 0x00000247e66003b0 Exception <a 'java/lang/NoSuchMethodError'{0x00000000d59e8110}: 'void java.lang.invoke.DelegatingMethodHandle$Holder.reinvoke_L(java.lang.Object, java.lang.Object, java.lang.Object, int, java.lang.Object)'> (0x00000000d59e8110) 
thrown [s\src\hotspot\share\interpreter\linkResolver.cpp, line 773]
Event: 0.536 Thread 0x00000247e66003b0 Exception <a 'java/lang/NoSuchMethodError'{0x00000000d59f8c08}: 'int java.lang.invoke.DirectMethodHandle$Holder.invokeSpecial(java.lang.Object, java.lang.Object, java.lang.Object)'> (0x00000000d59f8c08) 
thrown [s\src\hotspot\share\interpreter\linkResolver.cpp, line 773]
Event: 0.543 Thread 0x00000247e66003b0 Exception <a 'java/lang/NoSuchMethodError'{0x00000000d5a048c8}: 'java.lang.Object java.lang.invoke.DirectMethodHandle$Holder.invokeStatic(java.lang.Object, java.lang.Object, int)'> (0x00000000d5a048c8) 
thrown [s\src\hotspot\share\interpreter\linkResolver.cpp, line 773]
Event: 0.544 Thread 0x00000247e66003b0 Exception <a 'java/lang/NoSuchMethodError'{0x00000000d5a09218}: 'void java.lang.invoke.DirectMethodHandle$Holder.invokeStatic(java.lang.Object, java.lang.Object, int, java.lang.Object)'> (0x00000000d5a09218) 
thrown [s\src\hotspot\share\interpreter\linkResolver.cpp, line 773]
Event: 0.545 Thread 0x00000247e66003b0 Exception <a 'java/lang/NoSuchMethodError'{0x00000000d5a0cda8}: 'void java.lang.invoke.DirectMethodHandle$Holder.invokeSpecial(java.lang.Object, java.lang.Object, java.lang.Object, int, java.lang.Object)'> (0x00000000d5a0cda8) 
thrown [s\src\hotspot\share\interpreter\linkResolver.cpp, line 773]
Event: 0.546 Thread 0x00000247e66003b0 Exception <a 'java/lang/NoSuchMethodError'{0x00000000d5a10218}: 'void java.lang.invoke.DelegatingMethodHandle$Holder.delegate(java.lang.Object, java.lang.Object, int, java.lang.Object)'> (0x00000000d5a10218) 
thrown [s\src\hotspot\share\interpreter\linkResolver.cpp, line 773]
Event: 0.717 Thread 0x00000247e66003b0 Exception <a 'java/lang/NoSuchMethodError'{0x00000000d5bcf2c0}: 'void java.lang.invoke.DelegatingMethodHandle$Holder.reinvoke_L(java.lang.Object, java.lang.Object, java.lang.Object, int)'> (0x00000000d5bcf2c0) 
thrown [s\src\hotspot\share\interpreter\linkResolver.cpp, line 773]

ZGC Phase Switch (0 events):
No events

VM Operations (4 events):
Event: 0.228 Executing non-safepoint VM operation: HandshakeAllThreads (Deoptimize)
Event: 0.228 Executing non-safepoint VM operation: HandshakeAllThreads (Deoptimize) done
Event: 0.453 Executing non-safepoint VM operation: HandshakeAllThreads (Deoptimize)
Event: 0.453 Executing non-safepoint VM operation: HandshakeAllThreads (Deoptimize) done

Memory protections (0 events):
No events

Nmethod flushes (0 events):
No events

Events (11 events):
Event: 0.035 Thread 0x00000247e66003b0 Thread added: 0x00000247e66003b0
Event: 0.079 Thread 0x00000247e66003b0 Thread added: 0x00000247e64e85d0
Event: 0.080 Thread 0x00000247e66003b0 Thread added: 0x00000247e64e9a70
Event: 0.080 Thread 0x00000247e66003b0 Thread added: 0x00000247e64ed1a0
Event: 0.080 Thread 0x00000247e66003b0 Thread added: 0x00000247e64ede00
Event: 0.080 Thread 0x00000247e66003b0 Thread added: 0x00000247e64f0970
Event: 0.080 Thread 0x00000247e66003b0 Thread added: 0x00000247e64f13d0
Event: 0.080 Thread 0x00000247e66003b0 Thread added: 0x00000247e64f2210
Event: 0.097 Thread 0x00000247e66003b0 Thread added: 0x00000247e65667a0
Event: 0.331 Thread 0x00000247e66003b0 Thread added: 0x00000247fdcd7700
Event: 0.893 Thread 0x00000247e66003b0 Thread added: 0x00000247fde20b60


Dynamic libraries:
0x00007ff67a000000 - 0x00007ff67a00e000 	c:\Users\Admin\.vscode\extensions\redhat.java-1.54.0-win32-x64\jre\21.0.10-win32-x86_64\bin\java.exe
0x00007ff9aba30000 - 0x00007ff9abc28000 	C:\Windows\SYSTEM32\ntdll.dll
0x00007ff9aa9f0000 - 0x00007ff9aaab2000 	C:\Windows\System32\KERNEL32.DLL
0x00007ff9a93a0000 - 0x00007ff9a9696000 	C:\Windows\System32\KERNELBASE.dll
0x00007ff9a9220000 - 0x00007ff9a9320000 	C:\Windows\System32\ucrtbase.dll
0x00007ff9854d0000 - 0x00007ff9854e8000 	c:\Users\Admin\.vscode\extensions\redhat.java-1.54.0-win32-x64\jre\21.0.10-win32-x86_64\bin\jli.dll
0x00007ff9aa380000 - 0x00007ff9aa521000 	C:\Windows\System32\USER32.dll
0x00007ff9a9820000 - 0x00007ff9a9842000 	C:\Windows\System32\win32u.dll
0x00007ff9aa350000 - 0x00007ff9aa37b000 	C:\Windows\System32\GDI32.dll
0x00007ff9a98a0000 - 0x00007ff9a99b9000 	C:\Windows\System32\gdi32full.dll
0x00007ff9a96d0000 - 0x00007ff9a976d000 	C:\Windows\System32\msvcp_win.dll
0x00007ff9854b0000 - 0x00007ff9854ce000 	c:\Users\Admin\.vscode\extensions\redhat.java-1.54.0-win32-x64\jre\21.0.10-win32-x86_64\bin\VCRUNTIME140.dll
0x00007ff9950b0000 - 0x00007ff99534b000 	C:\Windows\WinSxS\amd64_microsoft.windows.common-controls_6595b64144ccf1df_6.0.19041.6456_none_60b8a6cb71f64256\COMCTL32.dll
0x00007ff9a9b40000 - 0x00007ff9a9bde000 	C:\Windows\System32\msvcrt.dll
0x00007ff9ab210000 - 0x00007ff9ab23f000 	C:\Windows\System32\IMM32.DLL
0x00007ff98fa70000 - 0x00007ff98fa7c000 	c:\Users\Admin\.vscode\extensions\redhat.java-1.54.0-win32-x64\jre\21.0.10-win32-x86_64\bin\vcruntime140_1.dll
0x00007ff95f340000 - 0x00007ff95f3cd000 	c:\Users\Admin\.vscode\extensions\redhat.java-1.54.0-win32-x64\jre\21.0.10-win32-x86_64\bin\msvcp140.dll
0x00007ff958a30000 - 0x00007ff9597d1000 	c:\Users\Admin\.vscode\extensions\redhat.java-1.54.0-win32-x64\jre\21.0.10-win32-x86_64\bin\server\jvm.dll
0x00007ff9ab720000 - 0x00007ff9ab7d1000 	C:\Windows\System32\ADVAPI32.dll
0x00007ff9ab0e0000 - 0x00007ff9ab17f000 	C:\Windows\System32\sechost.dll
0x00007ff9aaf30000 - 0x00007ff9ab050000 	C:\Windows\System32\RPCRT4.dll
0x00007ff9a96a0000 - 0x00007ff9a96c7000 	C:\Windows\System32\bcrypt.dll
0x00007ff9ab1a0000 - 0x00007ff9ab20b000 	C:\Windows\System32\WS2_32.dll
0x00007ff9a8f20000 - 0x00007ff9a8f6b000 	C:\Windows\SYSTEM32\POWRPROF.dll
0x00007ff9a3630000 - 0x00007ff9a3657000 	C:\Windows\SYSTEM32\WINMM.dll
0x00007ff995920000 - 0x00007ff99592a000 	C:\Windows\SYSTEM32\VERSION.dll
0x00007ff9a8e50000 - 0x00007ff9a8e62000 	C:\Windows\SYSTEM32\UMPDC.dll
0x00007ff9a7920000 - 0x00007ff9a7932000 	C:\Windows\SYSTEM32\kernel.appcore.dll
0x00007ff98ce70000 - 0x00007ff98ce7a000 	c:\Users\Admin\.vscode\extensions\redhat.java-1.54.0-win32-x64\jre\21.0.10-win32-x86_64\bin\jimage.dll
0x00007ff9a76b0000 - 0x00007ff9a78b1000 	C:\Windows\SYSTEM32\DBGHELP.DLL
0x00007ff98ef60000 - 0x00007ff98ef94000 	C:\Windows\SYSTEM32\dbgcore.DLL
0x00007ff9a99c0000 - 0x00007ff9a9a42000 	C:\Windows\System32\bcryptPrimitives.dll
0x00007ff98b0d0000 - 0x00007ff98b0df000 	c:\Users\Admin\.vscode\extensions\redhat.java-1.54.0-win32-x64\jre\21.0.10-win32-x86_64\bin\instrument.dll
0x00007ff9844c0000 - 0x00007ff9844e0000 	c:\Users\Admin\.vscode\extensions\redhat.java-1.54.0-win32-x64\jre\21.0.10-win32-x86_64\bin\java.dll
0x00007ff9a9be0000 - 0x00007ff9aa350000 	C:\Windows\System32\SHELL32.dll
0x00007ff9a6e30000 - 0x00007ff9a75d5000 	C:\Windows\SYSTEM32\windows.storage.dll
0x00007ff9aa690000 - 0x00007ff9aa9e4000 	C:\Windows\System32\combase.dll
0x00007ff9a8a10000 - 0x00007ff9a8a3b000 	C:\Windows\SYSTEM32\Wldp.dll
0x00007ff9ab650000 - 0x00007ff9ab71d000 	C:\Windows\System32\OLEAUT32.dll
0x00007ff9ab370000 - 0x00007ff9ab41d000 	C:\Windows\System32\SHCORE.dll
0x00007ff9aa630000 - 0x00007ff9aa68b000 	C:\Windows\System32\shlwapi.dll
0x00007ff9a8ff0000 - 0x00007ff9a9014000 	C:\Windows\SYSTEM32\profapi.dll
0x00007ff9925d0000 - 0x00007ff9925e8000 	c:\Users\Admin\.vscode\extensions\redhat.java-1.54.0-win32-x64\jre\21.0.10-win32-x86_64\bin\zip.dll
0x00007ff9a3be0000 - 0x00007ff9a3bf0000 	C:\Users\Admin\.vscode\extensions\redhat.java-1.54.0-win32-x64\jre\21.0.10-win32-x86_64\bin\net.dll
0x00007ff99f610000 - 0x00007ff99f71a000 	C:\Windows\SYSTEM32\WINHTTP.dll
0x00007ff9a8770000 - 0x00007ff9a87da000 	C:\Windows\system32\mswsock.dll
0x00007ff98b260000 - 0x00007ff98b276000 	C:\Users\Admin\.vscode\extensions\redhat.java-1.54.0-win32-x64\jre\21.0.10-win32-x86_64\bin\nio.dll
0x00007ff9a36c0000 - 0x00007ff9a36d0000 	c:\Users\Admin\.vscode\extensions\redhat.java-1.54.0-win32-x64\jre\21.0.10-win32-x86_64\bin\verify.dll

JVMTI agents:
c:\Users\Admin\.vscode\extensions\redhat.java-1.54.0-win32-x64\lombok\lombok-1.18.39-4050.jar path:c:\Users\Admin\.vscode\extensions\redhat.java-1.54.0-win32-x64\jre\21.0.10-win32-x86_64\bin\instrument.dll, loaded, initialized, instrumentlib options:none

dbghelp: loaded successfully - version: 4.0.5 - missing functions: none
symbol engine: initialized successfully - sym options: 0x614 - pdb path: .;c:\Users\Admin\.vscode\extensions\redhat.java-1.54.0-win32-x64\jre\21.0.10-win32-x86_64\bin;C:\Windows\SYSTEM32;C:\Windows\WinSxS\amd64_microsoft.windows.common-controls_6595b64144ccf1df_6.0.19041.6456_none_60b8a6cb71f64256;c:\Users\Admin\.vscode\extensions\redhat.java-1.54.0-win32-x64\jre\21.0.10-win32-x86_64\bin\server

VM Arguments:
jvm_args: --add-modules=ALL-SYSTEM --add-opens=java.base/java.util=ALL-UNNAMED --add-opens=java.base/java.lang=ALL-UNNAMED --add-opens=java.base/sun.nio.fs=ALL-UNNAMED -Declipse.application=org.eclipse.jdt.ls.core.id1 -Dosgi.bundles.defaultStartLevel=4 -Declipse.product=org.eclipse.jdt.ls.core.product -Djava.import.generatesMetadataFilesAtProjectRoot=false -DDetectVMInstallationsJob.disabled=true -Dfile.encoding=utf8 -XX:+UseParallelGC -XX:GCTimeRatio=4 -XX:AdaptiveSizePolicyWeight=90 -Dsun.zip.disableMemoryMapping=true -Xmx2G -Xms100m -Xlog:disable -javaagent:c:\Users\Admin\.vscode\extensions\redhat.java-1.54.0-win32-x64\lombok\lombok-1.18.39-4050.jar -XX:+HeapDumpOnOutOfMemoryError -XX:HeapDumpPath=c:\Users\Admin\AppData\Roaming\Code\User\workspaceStorage\cdd949b7bbd438a79fd585c9e173251c\redhat.java -Daether.dependencyCollector.impl=bf 
java_command: c:\Users\Admin\.vscode\extensions\redhat.java-1.54.0-win32-x64\server\plugins\org.eclipse.equinox.launcher_1.7.100.v20251111-0406.jar -configuration c:\Users\Admin\AppData\Roaming\Code\User\globalStorage\redhat.java\1.54.0\config_win -data c:\Users\Admin\AppData\Roaming\Code\User\workspaceStorage\cdd949b7bbd438a79fd585c9e173251c\redhat.java\jdt_ws --pipe=\\.\pipe\lsp-100212672cc7314694689fd0d675733f-sock
java_class_path (initial): c:\Users\Admin\.vscode\extensions\redhat.java-1.54.0-win32-x64\server\plugins\org.eclipse.equinox.launcher_1.7.100.v20251111-0406.jar
Launcher Type: SUN_STANDARD

[Global flags]
    uintx AdaptiveSizePolicyWeight                 = 90                                        {product} {command line}
     intx CICompilerCount                          = 3                                         {product} {ergonomic}
    uintx GCTimeRatio                              = 4                                         {product} {command line}
     bool HeapDumpOnOutOfMemoryError               = true                                   {manageable} {command line}
    ccstr HeapDumpPath                             = c:\Users\Admin\AppData\Roaming\Code\User\workspaceStorage\cdd949b7bbd438a79fd585c9e173251c\redhat.java         {manageable} {command line}
   size_t InitialHeapSize                          = 104857600                                 {product} {command line}
   size_t MaxHeapSize                              = 2147483648                                {product} {command line}
   size_t MaxNewSize                               = 715653120                                 {product} {ergonomic}
   size_t MinHeapDeltaBytes                        = 524288                                    {product} {ergonomic}
   size_t MinHeapSize                              = 104857600                                 {product} {command line}
   size_t NewSize                                  = 34603008                                  {product} {ergonomic}
    uintx NonNMethodCodeHeapSize                   = 5832780                                {pd product} {ergonomic}
    uintx NonProfiledCodeHeapSize                  = 122912730                              {pd product} {ergonomic}
   size_t OldSize                                  = 70254592                                  {product} {ergonomic}
    uintx ProfiledCodeHeapSize                     = 122912730                              {pd product} {ergonomic}
    uintx ReservedCodeCacheSize                    = 251658240                              {pd product} {ergonomic}
     bool SegmentedCodeCache                       = true                                      {product} {ergonomic}
   size_t SoftMaxHeapSize                          = 2147483648                             {manageable} {ergonomic}
     bool UseCompressedOops                        = true                           {product lp64_product} {ergonomic}
     bool UseLargePagesIndividualAllocation        = false                                  {pd product} {ergonomic}
     bool UseParallelGC                            = true                                      {product} {command line}

Logging:
Log output configuration:
 #0: stdout all=off uptime,level,tags foldmultilines=false
 #1: stderr all=off uptime,level,tags foldmultilines=false

Release file:
<release file has not been read>
Environment Variables:
PATH=C:\Program Files\Python312\Scripts\;C:\Program Files\Python312\;C:\Program Files\Common Files\Oracle\Java\javapath;C:\Windows\system32;C:\Windows;C:\Windows\System32\Wbem;C:\Windows\System32\WindowsPowerShell\v1.0\;C:\Windows\System32\OpenSSH\;C:\Program Files\nodejs\;C:\Program Files\PostgreSQL\16\bin;C:\Program Files\dotnet\;D:\Else\Logiciel\Apache Maven\apache-maven-3.9.9-bin\apache-maven-3.9.9-bin\apache-maven-3.9.9\bin;C:\Users\Admin\AppData\Local\Microsoft\WindowsApps;C:\Users\Admin\AppData\Local\Programs\Microsoft VS Code\bin;C:\Users\Admin\AppData\Roaming\npm;C:\Users\Admin\AppData\Local\GitHubDesktop\bin;C:\Users\Admin\.dotnet\tools
USERNAME=Admin
OS=Windows_NT
PROCESSOR_IDENTIFIER=Intel64 Family 6 Model 78 Stepping 3, GenuineIntel
TMP=C:\Users\Admin\AppData\Local\Temp
TEMP=C:\Users\Admin\AppData\Local\Temp




Periodic native trim disabled

---------------  S Y S T E M  ---------------

OS:
 Windows 10 , 64 bit Build 19041 (10.0.19041.5915)
OS uptime: 7 days 5:03 hours

CPU: total 4 (initial active 4) (2 cores per cpu, 2 threads per core) family 6 model 78 stepping 3 microcode 0xec, cx8, cmov, fxsr, ht, mmx, 3dnowpref, sse, sse2, sse3, ssse3, sse4.1, sse4.2, popcnt, lzcnt, tsc, tscinvbit, avx, avx2, aes, erms, clmul, bmi1, bmi2, rtm, adx, fma, vzeroupper, clflush, clflushopt, rdtscp, f16c
Processor Information for the first 4 processors :
  Max Mhz: 2301, Current Mhz: 2301, Mhz Limit: 2301

Memory: 4k page, system-wide physical 7840M (293M free)
TotalPageFile size 16032M (AvailPageFile size 5M)
current process WorkingSet (physical memory assigned to process): 51M, peak: 51M
current process commit charge ("private bytes"): 215M, peak: 215M

vm_info: OpenJDK 64-Bit Server VM (21.0.10+7-LTS) for windows-amd64 JRE (21.0.10+7-LTS), built on 2026-01-20T00:00:00Z by "admin" with MS VC++ 17.12 (VS2022)

END.
